// Jest Snapshot v1, https://goo.gl/fbAQLP

exports[`<Main /> should render main component 1`] = `
<WithStyles(ForwardRef(Container))
  fixed={true}
>
  <Enter
    setLog={[Function]}
  />
</WithStyles(ForwardRef(Container))>
`;
